Pragma_Kind:A_PAGE_PRAGMA  at procedure_body.adb [1:1..1:12]
Clause_Kind:A_WITH_CLAUSE  at procedure_body.adb [3:1..3:31]
  Expression_Kind:A_SELECTED_COMPONENT  at procedure_body.adb [3:6..3:30]
    Expression_Kind:AN_IDENTIFIER Package_Declaration at procedure_body.adb [3:6..3:24]
    Expression_Kind:AN_IDENTIFIER Child at procedure_body.adb [3:26..3:30]
Clause_Kind:A_USE_PACKAGE_CLAUSE  at procedure_body.adb [4:1..4:30]
  Expression_Kind:A_SELECTED_COMPONENT  at procedure_body.adb [4:5..4:29]
    Expression_Kind:AN_IDENTIFIER Package_Declaration at procedure_body.adb [4:5..4:23]
    Expression_Kind:AN_IDENTIFIER Child at procedure_body.adb [4:25..4:29]
Declaration_Kind:A_PROCEDURE_BODY_DECLARATION Procedure_Body at procedure_body.adb [6:1..157:19]
  Defining_Name_Kind:A_DEFINING_IDENTIFIER Procedure_Body at procedure_body.adb [6:11..6:24]
  Clause_Kind:A_USE_TYPE_CLAUSE  at procedure_body.adb [8:4..8:42]
    Expression_Kind:A_SELECTED_COMPONENT  at procedure_body.adb [8:13..8:41]
      Expression_Kind:A_SELECTED_COMPONENT  at procedure_body.adb [8:13..8:37]
        Expression_Kind:AN_IDENTIFIER Package_Declaration at procedure_body.adb [8:13..8:31]
        Expression_Kind:AN_IDENTIFIER Child at procedure_body.adb [8:33..8:37]
      Expression_Kind:AN_IDENTIFIER Ptr at procedure_body.adb [8:39..8:41]
  Declaration_Kind:AN_ORDINARY_TYPE_DECLARATION Enumeration_Type_Definition at procedure_body.adb [10:4..10:66]
    Defining_Name_Kind:A_DEFINING_IDENTIFIER Enumeration_Type_Definition at procedure_body.adb [10:9..10:35]
    Type_Kind:AN_ENUMERATION_TYPE_DEFINITION  at procedure_body.adb [10:40..10:65]
      Declaration_Kind:AN_ENUMERATION_LITERAL_SPECIFICATION Enumeration_Literal at procedure_body.adb [10:41..10:59]
        Defining_Name_Kind:A_DEFINING_ENUMERATION_LITERAL Enumeration_Literal at procedure_body.adb [10:41..10:59]
      Declaration_Kind:AN_ENUMERATION_LITERAL_SPECIFICATION 'X' at procedure_body.adb [10:62..10:64]
        Defining_Name_Kind:A_DEFINING_CHARACTER_LITERAL 'X' at procedure_body.adb [10:62..10:64]
  Declaration_Kind:A_FUNCTION_DECLARATION "+" at procedure_body.adb [12:4..13:51]
    Defining_Name_Kind:A_DEFINING_OPERATOR_SYMBOL "+" at procedure_body.adb [12:13..12:15]
    Declaration_Kind:A_PARAMETER_SPECIFICATION X at procedure_body.adb [12:18..12:48]
      Defining_Name_Kind:A_DEFINING_IDENTIFIER X at procedure_body.adb [12:18..12:18]
      Definition_Kind:A_SUBTYPE_INDICATION  at procedure_body.adb [12:22..12:48]
        Expression_Kind:AN_IDENTIFIER Enumeration_Type_Definition at procedure_body.adb [12:22..12:48]
    Definition_Kind:A_SUBTYPE_INDICATION  at procedure_body.adb [13:24..13:50]
      Expression_Kind:AN_IDENTIFIER Enumeration_Type_Definition at procedure_body.adb [13:24..13:50]
  Declaration_Kind:A_FUNCTION_BODY_DECLARATION "+" at procedure_body.adb [15:4..19:11]
    Defining_Name_Kind:A_DEFINING_OPERATOR_SYMBOL "+" at procedure_body.adb [15:13..15:15]
    Declaration_Kind:A_PARAMETER_SPECIFICATION X at procedure_body.adb [15:18..15:48]
      Defining_Name_Kind:A_DEFINING_IDENTIFIER X at procedure_body.adb [15:18..15:18]
      Definition_Kind:A_SUBTYPE_INDICATION  at procedure_body.adb [15:22..15:48]
        Expression_Kind:AN_IDENTIFIER Enumeration_Type_Definition at procedure_body.adb [15:22..15:48]
    Definition_Kind:A_SUBTYPE_INDICATION  at procedure_body.adb [16:24..16:50]
      Expression_Kind:AN_IDENTIFIER Enumeration_Type_Definition at procedure_body.adb [16:24..16:50]
    Statement_Kind:A_SIMPLE_RETURN_STATEMENT  at procedure_body.adb [18:7..18:17]
      Expression_Kind:A_CHARACTER_LITERAL 'X' at procedure_body.adb [18:14..18:16]
  Declaration_Kind:A_FUNCTION_RENAMING_DECLARATION Function_Renaming_Declaration at procedure_body.adb [21:4..22:17]
    Defining_Name_Kind:A_DEFINING_IDENTIFIER Function_Renaming_Declaration at procedure_body.adb [21:13..21:41]
    Definition_Kind:A_SUBTYPE_INDICATION  at procedure_body.adb [21:50..21:76]
      Expression_Kind:AN_IDENTIFIER Enumeration_Type_Definition at procedure_body.adb [21:50..21:76]
    Expression_Kind:A_CHARACTER_LITERAL 'X' at procedure_body.adb [22:14..22:16]
  Declaration_Kind:A_SUBTYPE_DECLARATION Subtype_Declaration at procedure_body.adb [24:4..24:55]
    Defining_Name_Kind:A_DEFINING_IDENTIFIER Subtype_Declaration at procedure_body.adb [24:12..24:30]
    Definition_Kind:A_SUBTYPE_INDICATION  at procedure_body.adb [24:35..24:54]
      Expression_Kind:AN_IDENTIFIER Integer at procedure_body.adb [24:35..24:41]
      Constraint_Kind:A_SIMPLE_EXPRESSION_RANGE  at procedure_body.adb [24:49..24:54]
        Expression_Kind:AN_INTEGER_LITERAL 1 at procedure_body.adb [24:49..24:49]
        Expression_Kind:AN_INTEGER_LITERAL 1 at procedure_body.adb [24:54..24:54]
  Declaration_Kind:A_SUBTYPE_DECLARATION Extension at procedure_body.adb [25:4..25:60]
    Defining_Name_Kind:A_DEFINING_IDENTIFIER Extension at procedure_body.adb [25:12..25:20]
    Definition_Kind:A_SUBTYPE_INDICATION  at procedure_body.adb [25:25..25:59]
      Expression_Kind:AN_IDENTIFIER Derived_Record_Extension_Definition at procedure_body.adb [25:25..25:59]
  Declaration_Kind:A_VARIABLE_DECLARATION Variable_Declaration at procedure_body.adb [27:4..27:54]
    Defining_Name_Kind:A_DEFINING_IDENTIFIER Variable_Declaration at procedure_body.adb [27:4..27:23]
    Definition_Kind:A_SUBTYPE_INDICATION  at procedure_body.adb [27:35..27:53]
      Expression_Kind:AN_IDENTIFIER Subtype_Declaration at procedure_body.adb [27:35..27:53]
  Declaration_Kind:A_CONSTANT_DECLARATION Constant_Declaration at procedure_body.adb [28:4..28:60]
    Defining_Name_Kind:A_DEFINING_IDENTIFIER Constant_Declaration at procedure_body.adb [28:4..28:23]
    Definition_Kind:A_SUBTYPE_INDICATION  at procedure_body.adb [28:36..28:54]
      Expression_Kind:AN_IDENTIFIER Subtype_Declaration at procedure_body.adb [28:36..28:54]
    Expression_Kind:AN_INTEGER_LITERAL 1 at procedure_body.adb [28:59..28:59]
  Declaration_Kind:A_SINGLE_TASK_DECLARATION Single_Task_Declaration at procedure_body.adb [30:4..32:31]
    Defining_Name_Kind:A_DEFINING_IDENTIFIER Single_Task_Declaration at procedure_body.adb [30:9..30:31]
    Definition_Kind:A_TASK_DEFINITION  at procedure_body.adb [31:7..32:30]
      Declaration_Kind:AN_ENTRY_DECLARATION Run at procedure_body.adb [31:7..31:16]
        Defining_Name_Kind:A_DEFINING_IDENTIFIER Run at procedure_body.adb [31:13..31:15]
  Declaration_Kind:A_TASK_BODY_DECLARATION Single_Task_Declaration at procedure_body.adb [34:4..43:31]
    Defining_Name_Kind:A_DEFINING_IDENTIFIER Single_Task_Declaration at procedure_body.adb [34:14..34:36]
    Statement_Kind:AN_ACCEPT_STATEMENT  at procedure_body.adb [36:7..36:17]
      Expression_Kind:AN_IDENTIFIER Run at procedure_body.adb [36:14..36:16]
    Statement_Kind:A_SELECTIVE_ACCEPT_STATEMENT  at procedure_body.adb [38:7..42:17]
      Path_Kind:A_SELECT_PATH  at procedure_body.adb [38:7..39:20]
        Statement_Kind:AN_ACCEPT_STATEMENT  at procedure_body.adb [39:10..39:20]
          Expression_Kind:AN_IDENTIFIER Run at procedure_body.adb [39:17..39:19]
      Path_Kind:AN_OR_PATH  at procedure_body.adb [40:7..41:19]
        Statement_Kind:A_TERMINATE_ALTERNATIVE_STATEMENT  at procedure_body.adb [41:10..41:19]
  Declaration_Kind:A_SINGLE_PROTECTED_DECLARATION Single_Protected_Declaration at procedure_body.adb [45:4..47:36]
    Defining_Name_Kind:A_DEFINING_IDENTIFIER Single_Protected_Declaration at procedure_body.adb [45:14..45:41]
    Definition_Kind:A_PROTECTED_DEFINITION  at procedure_body.adb [46:7..47:35]
      Declaration_Kind:AN_ENTRY_DECLARATION Run at procedure_body.adb [46:7..46:16]
        Defining_Name_Kind:A_DEFINING_IDENTIFIER Run at procedure_body.adb [46:13..46:15]
  Declaration_Kind:A_PROTECTED_BODY_DECLARATION Single_Protected_Declaration at procedure_body.adb [49:4..54:36]
    Defining_Name_Kind:A_DEFINING_IDENTIFIER Single_Protected_Declaration at procedure_body.adb [49:19..49:46]
    Declaration_Kind:AN_ENTRY_BODY_DECLARATION Run at procedure_body.adb [50:7..53:10]
      Defining_Name_Kind:A_DEFINING_IDENTIFIER Run at procedure_body.adb [50:13..50:15]
      Expression_Kind:AN_ENUMERATION_LITERAL True at procedure_body.adb [50:22..50:25]
      Statement_Kind:A_NULL_STATEMENT  at procedure_body.adb [52:10..52:14]
  Declaration_Kind:A_PROCEDURE_BODY_STUB Procedure_Body_Stub at procedure_body.adb [56:4..56:66]
    Defining_Name_Kind:A_DEFINING_IDENTIFIER Procedure_Body_Stub at procedure_body.adb [56:14..56:32]
    Declaration_Kind:A_PARAMETER_SPECIFICATION X at procedure_body.adb [56:35..56:52]
      Defining_Name_Kind:A_DEFINING_IDENTIFIER X at procedure_body.adb [56:35..56:35]
      Access_Definition_Kind:AN_ANONYMOUS_ACCESS_TO_VARIABLE  at procedure_body.adb [56:39..56:52]
        Expression_Kind:AN_IDENTIFIER Integer at procedure_body.adb [56:46..56:52]
  Declaration_Kind:A_FUNCTION_BODY_STUB Function_Body_Stub at procedure_body.adb [57:4..57:58]
    Defining_Name_Kind:A_DEFINING_IDENTIFIER Function_Body_Stub at procedure_body.adb [57:13..57:30]
    Definition_Kind:A_SUBTYPE_INDICATION  at procedure_body.adb [57:39..57:45]
      Expression_Kind:AN_IDENTIFIER Integer at procedure_body.adb [57:39..57:45]
  Declaration_Kind:A_PACKAGE_DECLARATION Package_Body_Stub at procedure_body.adb [59:4..61:25]
    Defining_Name_Kind:A_DEFINING_IDENTIFIER Package_Body_Stub at procedure_body.adb [59:12..59:28]
    Declaration_Kind:A_PROCEDURE_DECLARATION X at procedure_body.adb [60:7..60:18]
      Defining_Name_Kind:A_DEFINING_IDENTIFIER X at procedure_body.adb [60:17..60:17]
  Declaration_Kind:A_PACKAGE_BODY_STUB Package_Body_Stub at procedure_body.adb [63:4..63:46]
    Defining_Name_Kind:A_DEFINING_IDENTIFIER Package_Body_Stub at procedure_body.adb [63:17..63:33]
  Declaration_Kind:A_SINGLE_TASK_DECLARATION Task_Body_Stub at procedure_body.adb [65:4..65:23]
    Defining_Name_Kind:A_DEFINING_IDENTIFIER Task_Body_Stub at procedure_body.adb [65:9..65:22]
  Declaration_Kind:A_TASK_BODY_STUB Task_Body_Stub at procedure_body.adb [66:4..66:40]
    Defining_Name_Kind:A_DEFINING_IDENTIFIER Task_Body_Stub at procedure_body.adb [66:14..66:27]
  Declaration_Kind:A_SINGLE_PROTECTED_DECLARATION Protected_Body_Stub at procedure_body.adb [68:4..73:27]
    Defining_Name_Kind:A_DEFINING_IDENTIFIER Protected_Body_Stub at procedure_body.adb [68:14..68:32]
    Definition_Kind:A_PROTECTED_DEFINITION  at procedure_body.adb [69:7..73:26]
      Declaration_Kind:AN_ENTRY_DECLARATION Run at procedure_body.adb [69:7..69:16]
        Defining_Name_Kind:A_DEFINING_IDENTIFIER Run at procedure_body.adb [69:13..69:15]
      Declaration_Kind:A_PROCEDURE_DECLARATION X at procedure_body.adb [70:7..70:18]
        Defining_Name_Kind:A_DEFINING_IDENTIFIER X at procedure_body.adb [70:17..70:17]
      Declaration_Kind:A_COMPONENT_DECLARATION Int at procedure_body.adb [72:7..72:25]
        Defining_Name_Kind:A_DEFINING_IDENTIFIER Int at procedure_body.adb [72:7..72:9]
        Definition_Kind:A_COMPONENT_DEFINITION  at procedure_body.adb [72:13..72:19]
          Definition_Kind:A_SUBTYPE_INDICATION  at procedure_body.adb [72:13..72:19]
            Expression_Kind:AN_IDENTIFIER Integer at procedure_body.adb [72:13..72:19]
        Expression_Kind:AN_INTEGER_LITERAL 0 at procedure_body.adb [72:24..72:24]
  Declaration_Kind:A_PROTECTED_BODY_STUB Protected_Body_Stub at procedure_body.adb [75:4..75:50]
    Defining_Name_Kind:A_DEFINING_IDENTIFIER Protected_Body_Stub at procedure_body.adb [75:19..75:37]
  Declaration_Kind:AN_INTEGER_NUMBER_DECLARATION Integer_Number_Declaration at procedure_body.adb [78:4..78:46]
    Defining_Name_Kind:A_DEFINING_IDENTIFIER Integer_Number_Declaration at procedure_body.adb [78:4..78:29]
    Expression_Kind:AN_INTEGER_LITERAL 1 at procedure_body.adb [78:45..78:45]
  Declaration_Kind:A_REAL_NUMBER_DECLARATION Real_Number_Declaration at procedure_body.adb [79:4..79:51]
    Defining_Name_Kind:A_DEFINING_IDENTIFIER Real_Number_Declaration at procedure_body.adb [79:4..79:26]
    Expression_Kind:A_REAL_LITERAL 3.1415 at procedure_body.adb [79:45..79:50]
  Declaration_Kind:A_CONSTANT_DECLARATION String_Literal at procedure_body.adb [80:4..80:57]
    Defining_Name_Kind:A_DEFINING_IDENTIFIER String_Literal at procedure_body.adb [80:4..80:17]
    Definition_Kind:A_SUBTYPE_INDICATION  at procedure_body.adb [80:42..80:47]
      Expression_Kind:AN_IDENTIFIER String at procedure_body.adb [80:42..80:47]
    Expression_Kind:A_STRING_LITERAL "aaa" at procedure_body.adb [80:52..80:56]
  Declaration_Kind:A_VARIABLE_DECLARATION Ptr at procedure_body.adb [81:4..81:58]
    Defining_Name_Kind:A_DEFINING_IDENTIFIER Ptr at procedure_body.adb [81:4..81:6]
    Definition_Kind:A_SUBTYPE_INDICATION  at procedure_body.adb [81:12..81:40]
      Expression_Kind:A_SELECTED_COMPONENT  at procedure_body.adb [81:12..81:40]
        Expression_Kind:A_SELECTED_COMPONENT  at procedure_body.adb [81:12..81:36]
          Expression_Kind:AN_IDENTIFIER Package_Declaration at procedure_body.adb [81:12..81:30]
          Expression_Kind:AN_IDENTIFIER Child at procedure_body.adb [81:32..81:36]
        Expression_Kind:AN_IDENTIFIER Ptr at procedure_body.adb [81:38..81:40]
    Expression_Kind:AN_ALLOCATION_FROM_SUBTYPE  at procedure_body.adb [81:45..81:57]
      Definition_Kind:A_SUBTYPE_INDICATION  at procedure_body.adb [81:49..81:57]
        Expression_Kind:AN_IDENTIFIER Extension at procedure_body.adb [81:49..81:57]
  Declaration_Kind:A_VARIABLE_DECLARATION Char at procedure_body.adb [82:4..82:28]
    Defining_Name_Kind:A_DEFINING_IDENTIFIER Char at procedure_body.adb [82:4..82:7]
    Definition_Kind:A_SUBTYPE_INDICATION  at procedure_body.adb [82:12..82:20]
      Expression_Kind:AN_IDENTIFIER Character at procedure_body.adb [82:12..82:20]
    Expression_Kind:A_CHARACTER_LITERAL 'A' at procedure_body.adb [82:25..82:27]
  Declaration_Kind:A_VARIABLE_DECLARATION Slice at procedure_body.adb [83:4..83:40]
    Defining_Name_Kind:A_DEFINING_IDENTIFIER Slice at procedure_body.adb [83:4..83:8]
    Definition_Kind:A_SUBTYPE_INDICATION  at procedure_body.adb [83:12..83:39]
      Expression_Kind:AN_IDENTIFIER String at procedure_body.adb [83:12..83:17]
      Constraint_Kind:AN_INDEX_CONSTRAINT  at procedure_body.adb [83:19..83:39]
        Discrete_Range_Kind:A_DISCRETE_SUBTYPE_INDICATION  at procedure_body.adb [83:20..83:38]
          Expression_Kind:AN_IDENTIFIER Subtype_Declaration at procedure_body.adb [83:20..83:38]
  Declaration_Kind:A_VARIABLE_DECLARATION Num at procedure_body.adb [84:4..84:17]
    Defining_Name_Kind:A_DEFINING_IDENTIFIER Num at procedure_body.adb [84:4..84:6]
    Definition_Kind:A_SUBTYPE_INDICATION  at procedure_body.adb [84:12..84:16]
      Expression_Kind:AN_IDENTIFIER Float at procedure_body.adb [84:12..84:16]
  Declaration_Kind:A_VARIABLE_DECLARATION Extension_Aggregate at procedure_body.adb [86:4..86:75]
    Defining_Name_Kind:A_DEFINING_IDENTIFIER Extension_Aggregate at procedure_body.adb [86:4..86:22]
    Definition_Kind:A_SUBTYPE_INDICATION  at procedure_body.adb [86:26..86:34]
      Expression_Kind:AN_IDENTIFIER Extension at procedure_body.adb [86:26..86:34]
    Expression_Kind:AN_EXTENSION_AGGREGATE  at procedure_body.adb [86:39..86:74]
      Expression_Kind:AN_IDENTIFIER Incomplete_Type_Declaration at procedure_body.adb [86:40..86:66]
      Association_Kind:A_RECORD_COMPONENT_ASSOCIATION  at procedure_body.adb [86:73..86:73]
        Expression_Kind:AN_INTEGER_LITERAL 1 at procedure_body.adb [86:73..86:73]
  Declaration_Kind:A_VARIABLE_DECLARATION Positional_Array_Aggregate at procedure_body.adb [88:4..88:58]
    Defining_Name_Kind:A_DEFINING_IDENTIFIER Positional_Array_Aggregate at procedure_body.adb [88:4..88:29]
    Definition_Kind:A_SUBTYPE_INDICATION  at procedure_body.adb [88:33..88:38]
      Expression_Kind:AN_IDENTIFIER String at procedure_body.adb [88:33..88:38]
    Expression_Kind:A_POSITIONAL_ARRAY_AGGREGATE  at procedure_body.adb [88:43..88:57]
      Association_Kind:AN_ARRAY_COMPONENT_ASSOCIATION  at procedure_body.adb [88:44..88:46]
        Expression_Kind:A_CHARACTER_LITERAL 'A' at procedure_body.adb [88:44..88:46]
      Association_Kind:AN_ARRAY_COMPONENT_ASSOCIATION  at procedure_body.adb [88:49..88:51]
        Expression_Kind:A_CHARACTER_LITERAL 'B' at procedure_body.adb [88:49..88:51]
      Association_Kind:AN_ARRAY_COMPONENT_ASSOCIATION  at procedure_body.adb [88:54..88:56]
        Expression_Kind:A_CHARACTER_LITERAL 'C' at procedure_body.adb [88:54..88:56]
  Declaration_Kind:A_VARIABLE_DECLARATION Named_Array_Aggregate at procedure_body.adb [89:4..89:73]
    Defining_Name_Kind:A_DEFINING_IDENTIFIER Named_Array_Aggregate at procedure_body.adb [89:4..89:24]
    Definition_Kind:A_SUBTYPE_INDICATION  at procedure_body.adb [89:33..89:38]
      Expression_Kind:AN_IDENTIFIER String at procedure_body.adb [89:33..89:38]
    Expression_Kind:A_NAMED_ARRAY_AGGREGATE  at procedure_body.adb [89:43..89:72]
      Association_Kind:AN_ARRAY_COMPONENT_ASSOCIATION  at procedure_body.adb [89:44..89:51]
        Expression_Kind:AN_INTEGER_LITERAL 2 at procedure_body.adb [89:44..89:44]
        Expression_Kind:A_CHARACTER_LITERAL 'A' at procedure_body.adb [89:49..89:51]
      Association_Kind:AN_ARRAY_COMPONENT_ASSOCIATION  at procedure_body.adb [89:54..89:61]
        Expression_Kind:AN_INTEGER_LITERAL 1 at procedure_body.adb [89:54..89:54]
        Expression_Kind:A_CHARACTER_LITERAL 'B' at procedure_body.adb [89:59..89:61]
      Association_Kind:AN_ARRAY_COMPONENT_ASSOCIATION  at procedure_body.adb [89:64..89:71]
        Expression_Kind:AN_INTEGER_LITERAL 3 at procedure_body.adb [89:64..89:64]
        Expression_Kind:A_CHARACTER_LITERAL 'C' at procedure_body.adb [89:69..89:71]
  Statement_Kind:A_FOR_LOOP_STATEMENT  at procedure_body.adb [91:8..93:12]
    Declaration_Kind:A_LOOP_PARAMETER_SPECIFICATION I at procedure_body.adb [91:8..91:18]
      Defining_Name_Kind:A_DEFINING_IDENTIFIER I at procedure_body.adb [91:8..91:8]
      S-Discrete_Range_Kind:A_DISCRETE_SIMPLE_EXPRESSION_RANGE  at procedure_body.adb [91:13..91:18]
        Expression_Kind:AN_INTEGER_LITERAL 1 at procedure_body.adb [91:13..91:13]
        Expression_Kind:AN_INTEGER_LITERAL 2 at procedure_body.adb [91:18..91:18]
    Statement_Kind:AN_ASSIGNMENT_STATEMENT  at procedure_body.adb [92:7..92:51]
      Expression_Kind:AN_IDENTIFIER Variable_Declaration at procedure_body.adb [92:7..92:26]
      Expression_Kind:AN_IDENTIFIER Constant_Declaration at procedure_body.adb [92:31..92:50]
  Statement_Kind:A_FOR_LOOP_STATEMENT  at procedure_body.adb [95:8..154:12]
    Declaration_Kind:A_LOOP_PARAMETER_SPECIFICATION Loop_Parameter_Specification at procedure_body.adb [95:8..95:58]
      Defining_Name_Kind:A_DEFINING_IDENTIFIER Loop_Parameter_Specification at procedure_body.adb [95:8..95:35]
      S-Discrete_Range_Kind:A_DISCRETE_RANGE_ATTRIBUTE_REFERENCE  at procedure_body.adb [95:48..95:58]
        Expression_Kind:AN_ATTRIBUTE_REFERENCE  at procedure_body.adb [95:48..95:58]
          Expression_Kind:AN_IDENTIFIER Slice at procedure_body.adb [95:48..95:52]
          Expression_Kind:AN_IDENTIFIER Range at procedure_body.adb [95:54..95:58]
    Statement_Kind:AN_IF_STATEMENT  at procedure_body.adb [96:7..108:13]
      Path_Kind:AN_IF_PATH  at procedure_body.adb [96:7..101:42]
        Expression_Kind:AN_AND_THEN_SHORT_CIRCUIT  at procedure_body.adb [96:10..96:73]
          Expression_Kind:A_FUNCTION_CALL  at procedure_body.adb [96:10..96:41]
            Expression_Kind:AN_OPERATOR_SYMBOL "=" at procedure_body.adb [96:39..96:39]
            Association_Kind:A_PARAMETER_ASSOCIATION  at procedure_body.adb [96:10..96:37]
              Expression_Kind:AN_IDENTIFIER Loop_Parameter_Specification at procedure_body.adb [96:10..96:37]
            Association_Kind:A_PARAMETER_ASSOCIATION  at procedure_body.adb [96:41..96:41]
              Expression_Kind:AN_INTEGER_LITERAL 1 at procedure_body.adb [96:41..96:41]
          Expression_Kind:A_NOT_IN_RANGE_MEMBERSHIP_TEST  at procedure_body.adb [96:52..96:73]
            Expression_Kind:AN_IDENTIFIER Char at procedure_body.adb [96:52..96:55]
            Constraint_Kind:A_SIMPLE_EXPRESSION_RANGE  at procedure_body.adb [96:64..96:73]
              Expression_Kind:A_CHARACTER_LITERAL 'A' at procedure_body.adb [96:64..96:66]
              Expression_Kind:A_CHARACTER_LITERAL 'B' at procedure_body.adb [96:71..96:73]
        Statement_Kind:AN_ASSIGNMENT_STATEMENT  at procedure_body.adb [97:10..97:28]
          Expression_Kind:AN_IDENTIFIER Ptr at procedure_body.adb [97:10..97:12]
          Expression_Kind:A_SELECTED_COMPONENT  at procedure_body.adb [97:19..97:27]
            Expression_Kind:AN_EXPLICIT_DEREFERENCE  at procedure_body.adb [97:19..97:25]
              Expression_Kind:AN_IDENTIFIER Ptr at procedure_body.adb [97:19..97:21]
            Expression_Kind:AN_IDENTIFIER X at procedure_body.adb [97:27..97:27]
        Statement_Kind:AN_ASSIGNMENT_STATEMENT  at procedure_body.adb [98:10..98:26]
          Expression_Kind:AN_IDENTIFIER Ptr at procedure_body.adb [98:10..98:12]
          Expression_Kind:A_PARENTHESIZED_EXPRESSION  at procedure_body.adb [98:19..98:25]
            Expression_Kind:A_SELECTED_COMPONENT  at procedure_body.adb [98:20..98:24]
              Expression_Kind:AN_IDENTIFIER Ptr at procedure_body.adb [98:20..98:22]
              Expression_Kind:AN_IDENTIFIER X at procedure_body.adb [98:24..98:24]
        Statement_Kind:AN_ASSIGNMENT_STATEMENT  at procedure_body.adb [99:10..99:54]
          Expression_Kind:AN_IDENTIFIER Char at procedure_body.adb [99:10..99:13]
          Expression_Kind:AN_INDEXED_COMPONENT  at procedure_body.adb [99:19..99:53]
            Expression_Kind:AN_IDENTIFIER String_Literal at procedure_body.adb [99:19..99:32]
            Expression_Kind:A_FUNCTION_CALL  at procedure_body.adb [99:35..99:52]
              Expression_Kind:AN_IDENTIFIER Function_Body_Stub at procedure_body.adb [99:35..99:52]
        Statement_Kind:AN_ASSIGNMENT_STATEMENT  at procedure_body.adb [100:10..100:52]
          Expression_Kind:AN_IDENTIFIER Slice at procedure_body.adb [100:10..100:14]
          Expression_Kind:A_SLICE  at procedure_body.adb [100:19..100:51]
            Expression_Kind:AN_IDENTIFIER String_Literal at procedure_body.adb [100:19..100:32]
            Discrete_Range_Kind:A_DISCRETE_SIMPLE_EXPRESSION_RANGE  at procedure_body.adb [100:35..100:50]
              Expression_Kind:AN_ATTRIBUTE_REFERENCE  at procedure_body.adb [100:35..100:45]
                Expression_Kind:AN_IDENTIFIER Slice at procedure_body.adb [100:35..100:39]
                Expression_Kind:AN_IDENTIFIER First at procedure_body.adb [100:41..100:45]
              Expression_Kind:AN_INTEGER_LITERAL 1 at procedure_body.adb [100:50..100:50]
        Statement_Kind:AN_ASSIGNMENT_STATEMENT  at procedure_body.adb [101:10..101:42]
          Expression_Kind:AN_IDENTIFIER Extension_Aggregate at procedure_body.adb [101:10..101:28]
          Expression_Kind:A_RECORD_AGGREGATE  at procedure_body.adb [101:33..101:41]
            Association_Kind:A_RECORD_COMPONENT_ASSOCIATION  at procedure_body.adb [101:34..101:37]
              Expression_Kind:A_NULL_LITERAL  at procedure_body.adb [101:34..101:37]
            Association_Kind:A_RECORD_COMPONENT_ASSOCIATION  at procedure_body.adb [101:40..101:40]
              Expression_Kind:AN_INTEGER_LITERAL 1 at procedure_body.adb [101:40..101:40]
      Path_Kind:AN_ELSIF_PATH  at procedure_body.adb [102:7..105:29]
        Expression_Kind:A_NOT_IN_TYPE_MEMBERSHIP_TEST  at procedure_body.adb [102:13..102:36]
          Expression_Kind:AN_EXPLICIT_DEREFERENCE  at procedure_body.adb [102:13..102:19]
            Expression_Kind:AN_IDENTIFIER Ptr at procedure_body.adb [102:13..102:15]
          Expression_Kind:AN_IDENTIFIER Extension at procedure_body.adb [102:28..102:36]
        Statement_Kind:AN_ASSIGNMENT_STATEMENT  at procedure_body.adb [103:10..103:39]
          Expression_Kind:AN_IDENTIFIER Ptr at procedure_body.adb [103:10..103:12]
          Expression_Kind:AN_ALLOCATION_FROM_QUALIFIED_EXPRESSION  at procedure_body.adb [103:17..103:38]
            Expression_Kind:A_QUALIFIED_EXPRESSION  at procedure_body.adb [103:21..103:38]
              Expression_Kind:AN_IDENTIFIER Extension at procedure_body.adb [103:21..103:29]
              Expression_Kind:A_RECORD_AGGREGATE  at procedure_body.adb [103:31..103:38]
                Association_Kind:A_RECORD_COMPONENT_ASSOCIATION  at procedure_body.adb [103:32..103:34]
                  Expression_Kind:AN_IDENTIFIER Ptr at procedure_body.adb [103:32..103:34]
                Association_Kind:A_RECORD_COMPONENT_ASSOCIATION  at procedure_body.adb [103:37..103:37]
                  Expression_Kind:AN_INTEGER_LITERAL 2 at procedure_body.adb [103:37..103:37]
        Statement_Kind:A_RAISE_STATEMENT  at procedure_body.adb [105:10..105:29]
          Expression_Kind:AN_IDENTIFIER Program_Error at procedure_body.adb [105:16..105:28]
      Path_Kind:AN_ELSE_PATH  at procedure_body.adb [106:7..107:20]
        Statement_Kind:A_GOTO_STATEMENT  at procedure_body.adb [107:10..107:20]
          Expression_Kind:AN_IDENTIFIER Label at procedure_body.adb [107:15..107:19]
    Statement_Kind:A_CASE_STATEMENT  at procedure_body.adb [110:7..118:15]
      Expression_Kind:AN_IDENTIFIER Char at procedure_body.adb [110:12..110:15]
      Path_Kind:A_CASE_PATH  at procedure_body.adb [111:10..115:21]
        Expression_Kind:A_CHARACTER_LITERAL 'A' at procedure_body.adb [111:15..111:17]
        Statement_Kind:A_LOOP_STATEMENT  at procedure_body.adb [112:13..115:21]
          Statement_Kind:AN_ASSIGNMENT_STATEMENT  at procedure_body.adb [113:16..113:30]
            Expression_Kind:AN_IDENTIFIER Ptr at procedure_body.adb [113:16..113:18]
            Expression_Kind:A_PARENTHESIZED_EXPRESSION  at procedure_body.adb [113:23..113:29]
              Expression_Kind:A_SELECTED_COMPONENT  at procedure_body.adb [113:24..113:28]
                Expression_Kind:AN_IDENTIFIER Ptr at procedure_body.adb [113:24..113:26]
                Expression_Kind:AN_IDENTIFIER X at procedure_body.adb [113:28..113:28]
          Statement_Kind:AN_EXIT_STATEMENT  at procedure_body.adb [114:16..114:46]
            Expression_Kind:AN_IN_TYPE_MEMBERSHIP_TEST  at procedure_body.adb [114:26..114:45]
              Expression_Kind:AN_EXPLICIT_DEREFERENCE  at procedure_body.adb [114:26..114:32]
                Expression_Kind:AN_IDENTIFIER Ptr at procedure_body.adb [114:26..114:28]
              Expression_Kind:AN_IDENTIFIER Extension at procedure_body.adb [114:37..114:45]
      Path_Kind:A_CASE_PATH  at procedure_body.adb [116:10..117:17]
        Definition_Kind:AN_OTHERS_CHOICE  at procedure_body.adb [116:15..116:20]
        Statement_Kind:A_NULL_STATEMENT  at procedure_body.adb [117:13..117:17]
    Statement_Kind:A_WHILE_LOOP_STATEMENT  at procedure_body.adb [120:13..123:15]
      Expression_Kind:AN_OR_ELSE_SHORT_CIRCUIT  at procedure_body.adb [120:13..120:50]
        Expression_Kind:A_FUNCTION_CALL  at procedure_body.adb [120:13..120:23]
          Expression_Kind:AN_OPERATOR_SYMBOL "/=" at procedure_body.adb [120:17..120:18]
          Association_Kind:A_PARAMETER_ASSOCIATION  at procedure_body.adb [120:13..120:15]
            Expression_Kind:AN_IDENTIFIER Ptr at procedure_body.adb [120:13..120:15]
          Association_Kind:A_PARAMETER_ASSOCIATION  at procedure_body.adb [120:20..120:23]
            Expression_Kind:A_NULL_LITERAL  at procedure_body.adb [120:20..120:23]
        Expression_Kind:AN_IN_RANGE_MEMBERSHIP_TEST  at procedure_body.adb [120:33..120:50]
          Expression_Kind:AN_IDENTIFIER Char at procedure_body.adb [120:33..120:36]
          Constraint_Kind:A_SIMPLE_EXPRESSION_RANGE  at procedure_body.adb [120:41..120:50]
            Expression_Kind:A_CHARACTER_LITERAL 'X' at procedure_body.adb [120:41..120:43]
            Expression_Kind:A_CHARACTER_LITERAL 'Y' at procedure_body.adb [120:48..120:50]
      Statement_Kind:AN_ASSIGNMENT_STATEMENT  at procedure_body.adb [121:10..121:43]
        Expression_Kind:AN_IDENTIFIER Num at procedure_body.adb [121:10..121:12]
        Expression_Kind:A_TYPE_CONVERSION  at procedure_body.adb [121:17..121:42]
          Expression_Kind:AN_IDENTIFIER Float at procedure_body.adb [121:17..121:21]
          Expression_Kind:A_FUNCTION_CALL  at procedure_body.adb [121:24..121:41]
            Expression_Kind:AN_IDENTIFIER Function_Body_Stub at procedure_body.adb [121:24..121:41]
      Statement_Kind:AN_ASSIGNMENT_STATEMENT  at procedure_body.adb [122:10..122:33]
        Expression_Kind:AN_IDENTIFIER Char at procedure_body.adb [122:10..122:13]
        Expression_Kind:A_QUALIFIED_EXPRESSION  at procedure_body.adb [122:18..122:32]
          Expression_Kind:AN_IDENTIFIER Character at procedure_body.adb [122:18..122:26]
          Expression_Kind:A_CHARACTER_LITERAL 'X' at procedure_body.adb [122:29..122:31]
    Statement_Kind:A_BLOCK_STATEMENT  at procedure_body.adb [125:9..131:10]
      Defining_Name_Kind:A_DEFINING_IDENTIFIER Label at procedure_body.adb [125:9..125:13]
      Declaration_Kind:A_VARIABLE_DECLARATION Int at procedure_body.adb [127:10..127:36]
        Defining_Name_Kind:A_DEFINING_IDENTIFIER Int at procedure_body.adb [127:10..127:12]
        Definition_Kind:A_SUBTYPE_INDICATION  at procedure_body.adb [127:24..127:30]
          Expression_Kind:AN_IDENTIFIER Integer at procedure_body.adb [127:24..127:30]
        Expression_Kind:AN_INTEGER_LITERAL 1 at procedure_body.adb [127:35..127:35]
      Statement_Kind:AN_ASSIGNMENT_STATEMENT  at procedure_body.adb [129:10..129:24]
        Expression_Kind:AN_IDENTIFIER Int at procedure_body.adb [129:10..129:12]
        Expression_Kind:A_FUNCTION_CALL  at procedure_body.adb [129:17..129:23]
          Expression_Kind:AN_OPERATOR_SYMBOL "+" at procedure_body.adb [129:21..129:21]
          Association_Kind:A_PARAMETER_ASSOCIATION  at procedure_body.adb [129:17..129:19]
            Expression_Kind:AN_IDENTIFIER Int at procedure_body.adb [129:17..129:19]
          Association_Kind:A_PARAMETER_ASSOCIATION  at procedure_body.adb [129:23..129:23]
            Expression_Kind:AN_INTEGER_LITERAL 1 at procedure_body.adb [129:23..129:23]
      Statement_Kind:A_PROCEDURE_CALL_STATEMENT  at procedure_body.adb [130:10..130:42]
        Expression_Kind:AN_IDENTIFIER Procedure_Body_Stub at procedure_body.adb [130:10..130:28]
        Association_Kind:A_PARAMETER_ASSOCIATION  at procedure_body.adb [130:31..130:40]
          Expression_Kind:AN_ATTRIBUTE_REFERENCE  at procedure_body.adb [130:31..130:40]
            Expression_Kind:AN_IDENTIFIER Int at procedure_body.adb [130:31..130:33]
            Expression_Kind:AN_IDENTIFIER Access at procedure_body.adb [130:35..130:40]
    Statement_Kind:AN_ENTRY_CALL_STATEMENT  at procedure_body.adb [133:7..133:39]
      Expression_Kind:A_SELECTED_COMPONENT  at procedure_body.adb [133:7..133:38]
        Expression_Kind:AN_IDENTIFIER Single_Protected_Declaration at procedure_body.adb [133:7..133:34]
        Expression_Kind:AN_IDENTIFIER Run at procedure_body.adb [133:36..133:38]
    Statement_Kind:A_DELAY_RELATIVE_STATEMENT  at procedure_body.adb [134:7..134:16]
      Expression_Kind:A_REAL_LITERAL 1.0 at procedure_body.adb [134:13..134:15]
    Statement_Kind:A_TIMED_ENTRY_CALL_STATEMENT  at procedure_body.adb [136:7..140:17]
      Path_Kind:A_SELECT_PATH  at procedure_body.adb [136:7..137:37]
        Statement_Kind:AN_ENTRY_CALL_STATEMENT  at procedure_body.adb [137:10..137:37]
          Expression_Kind:A_SELECTED_COMPONENT  at procedure_body.adb [137:10..137:36]
            Expression_Kind:AN_IDENTIFIER Single_Task_Declaration at procedure_body.adb [137:10..137:32]
            Expression_Kind:AN_IDENTIFIER Run at procedure_body.adb [137:34..137:36]
      Path_Kind:AN_OR_PATH  at procedure_body.adb [138:7..139:19]
        Statement_Kind:A_DELAY_RELATIVE_STATEMENT  at procedure_body.adb [139:10..139:19]
          Expression_Kind:A_REAL_LITERAL 1.0 at procedure_body.adb [139:16..139:18]
    Statement_Kind:A_CONDITIONAL_ENTRY_CALL_STATEMENT  at procedure_body.adb [142:7..146:17]
      Path_Kind:A_SELECT_PATH  at procedure_body.adb [142:7..143:37]
        Statement_Kind:AN_ENTRY_CALL_STATEMENT  at procedure_body.adb [143:10..143:37]
          Expression_Kind:A_SELECTED_COMPONENT  at procedure_body.adb [143:10..143:36]
            Expression_Kind:AN_IDENTIFIER Single_Task_Declaration at procedure_body.adb [143:10..143:32]
            Expression_Kind:AN_IDENTIFIER Run at procedure_body.adb [143:34..143:36]
      Path_Kind:AN_ELSE_PATH  at procedure_body.adb [144:7..145:21]
        Statement_Kind:AN_ASSIGNMENT_STATEMENT  at procedure_body.adb [145:10..145:21]
          Expression_Kind:AN_IDENTIFIER Char at procedure_body.adb [145:10..145:13]
          Expression_Kind:A_CHARACTER_LITERAL 'B' at procedure_body.adb [145:18..145:20]
    Statement_Kind:AN_ASYNCHRONOUS_SELECT_STATEMENT  at procedure_body.adb [148:7..152:17]
      Path_Kind:A_SELECT_PATH  at procedure_body.adb [148:7..149:19]
        Statement_Kind:A_DELAY_RELATIVE_STATEMENT  at procedure_body.adb [149:10..149:19]
          Expression_Kind:A_REAL_LITERAL 1.0 at procedure_body.adb [149:16..149:18]
      Path_Kind:A_THEN_ABORT_PATH  at procedure_body.adb [150:7..151:54]
        Statement_Kind:AN_ASSIGNMENT_STATEMENT  at procedure_body.adb [151:10..151:54]
          Expression_Kind:AN_IDENTIFIER Variable_Declaration at procedure_body.adb [151:10..151:29]
          Expression_Kind:AN_IDENTIFIER Constant_Declaration at procedure_body.adb [151:34..151:53]
  Element_Kind:AN_EXCEPTION_HANDLER  at procedure_body.adb [155:11..156:8]
    Declaration_Kind:A_CHOICE_PARAMETER_SPECIFICATION Choice_Parameter_Specification at procedure_body.adb [155:16..155:45]
      Defining_Name_Kind:A_DEFINING_IDENTIFIER Choice_Parameter_Specification at procedure_body.adb [155:16..155:45]
    Definition_Kind:AN_OTHERS_CHOICE  at procedure_body.adb [155:49..155:54]
    Statement_Kind:A_NULL_STATEMENT  at procedure_body.adb [156:4..156:8]
