Defining_Name_Kind:A_DEFINING_ENUMERATION_LITERAL P00 at example.ads [16:7..16:9] = 0
Defining_Name_Kind:A_DEFINING_ENUMERATION_LITERAL P01 at example.ads [16:12..16:14] = 1
Defining_Name_Kind:A_DEFINING_ENUMERATION_LITERAL P02 at example.ads [16:17..16:19] = 2
Defining_Name_Kind:A_DEFINING_ENUMERATION_LITERAL P03 at example.ads [16:22..16:24] = 3
Defining_Name_Kind:A_DEFINING_ENUMERATION_LITERAL P04 at example.ads [16:27..16:29] = 4
Defining_Name_Kind:A_DEFINING_ENUMERATION_LITERAL P05 at example.ads [16:32..16:34] = 6
Defining_Name_Kind:A_DEFINING_ENUMERATION_LITERAL P06 at example.ads [16:37..16:39] = 6
Defining_Name_Kind:A_DEFINING_ENUMERATION_LITERAL P07 at example.ads [16:42..16:44] = 7
Defining_Name_Kind:A_DEFINING_ENUMERATION_LITERAL P08 at example.ads [16:47..16:49] = 8
Defining_Name_Kind:A_DEFINING_ENUMERATION_LITERAL P09 at example.ads [16:52..16:54] = 9
Defining_Name_Kind:A_DEFINING_ENUMERATION_LITERAL P10 at example.ads [17:7..17:9] = 10
Defining_Name_Kind:A_DEFINING_ENUMERATION_LITERAL P11 at example.ads [17:12..17:14] = 11
Defining_Name_Kind:A_DEFINING_ENUMERATION_LITERAL P12 at example.ads [17:17..17:19] = 12
Defining_Name_Kind:A_DEFINING_ENUMERATION_LITERAL P13 at example.ads [17:22..17:24] = 13
Defining_Name_Kind:A_DEFINING_ENUMERATION_LITERAL P14 at example.ads [17:27..17:29] = 14
Defining_Name_Kind:A_DEFINING_ENUMERATION_LITERAL P15 at example.ads [17:32..17:34] = 15
Defining_Name_Kind:A_DEFINING_ENUMERATION_LITERAL P16 at example.ads [17:37..17:39] = 16
Defining_Name_Kind:A_DEFINING_ENUMERATION_LITERAL P17 at example.ads [17:42..17:44] = 17
Defining_Name_Kind:A_DEFINING_ENUMERATION_LITERAL P18 at example.ads [17:47..17:49] = 18
Defining_Name_Kind:A_DEFINING_ENUMERATION_LITERAL P19 at example.ads [17:52..17:54] = 19
Defining_Name_Kind:A_DEFINING_ENUMERATION_LITERAL P20 at example.ads [18:7..18:9] = 20
Defining_Name_Kind:A_DEFINING_ENUMERATION_LITERAL P21 at example.ads [18:12..18:14] = 21
Defining_Name_Kind:A_DEFINING_ENUMERATION_LITERAL P22 at example.ads [18:17..18:19] = 22
Defining_Name_Kind:A_DEFINING_ENUMERATION_LITERAL P23 at example.ads [18:22..18:24] = 23
Defining_Name_Kind:A_DEFINING_ENUMERATION_LITERAL P24 at example.ads [18:27..18:29] = 24
Defining_Name_Kind:A_DEFINING_ENUMERATION_LITERAL P25 at example.ads [18:32..18:34] = 25
Defining_Name_Kind:A_DEFINING_ENUMERATION_LITERAL P26 at example.ads [18:37..18:39] = 26
Defining_Name_Kind:A_DEFINING_ENUMERATION_LITERAL P27 at example.ads [18:42..18:44] = 27
Defining_Name_Kind:A_DEFINING_ENUMERATION_LITERAL P28 at example.ads [18:47..18:49] = 28
Defining_Name_Kind:A_DEFINING_ENUMERATION_LITERAL P29 at example.ads [18:52..18:54] = 29
Defining_Name_Kind:A_DEFINING_ENUMERATION_LITERAL P30 at example.ads [19:7..19:9] = 30
Defining_Name_Kind:A_DEFINING_ENUMERATION_LITERAL P31 at example.ads [19:12..19:14] = 31
Defining_Name_Kind:A_DEFINING_ENUMERATION_LITERAL P32 at example.ads [19:17..19:19] = 32
Defining_Name_Kind:A_DEFINING_ENUMERATION_LITERAL P33 at example.ads [19:22..19:24] = 33
Defining_Name_Kind:A_DEFINING_ENUMERATION_LITERAL P34 at example.ads [19:27..19:29] = 34
Defining_Name_Kind:A_DEFINING_ENUMERATION_LITERAL P35 at example.ads [19:32..19:34] = 35
Defining_Name_Kind:A_DEFINING_ENUMERATION_LITERAL P36 at example.ads [19:37..19:39] = 36
Defining_Name_Kind:A_DEFINING_ENUMERATION_LITERAL P37 at example.ads [19:42..19:44] = 37
Defining_Name_Kind:A_DEFINING_ENUMERATION_LITERAL P38 at example.ads [19:47..19:49] = 38
Defining_Name_Kind:A_DEFINING_ENUMERATION_LITERAL P39 at example.ads [19:52..19:54] = 39
Defining_Name_Kind:A_DEFINING_ENUMERATION_LITERAL P40 at example.ads [20:7..20:9] = 40
Defining_Name_Kind:A_DEFINING_ENUMERATION_LITERAL P41 at example.ads [20:12..20:14] = 41
Defining_Name_Kind:A_DEFINING_ENUMERATION_LITERAL P42 at example.ads [20:17..20:19] = 42
Defining_Name_Kind:A_DEFINING_ENUMERATION_LITERAL P43 at example.ads [20:22..20:24] = 43
Defining_Name_Kind:A_DEFINING_ENUMERATION_LITERAL P44 at example.ads [20:27..20:29] = 44
Defining_Name_Kind:A_DEFINING_ENUMERATION_LITERAL P45 at example.ads [20:32..20:34] = 45
Defining_Name_Kind:A_DEFINING_ENUMERATION_LITERAL P46 at example.ads [20:37..20:39] = 46
Defining_Name_Kind:A_DEFINING_ENUMERATION_LITERAL P47 at example.ads [20:42..20:44] = 47
Defining_Name_Kind:A_DEFINING_ENUMERATION_LITERAL P48 at example.ads [20:47..20:49] = 48
Defining_Name_Kind:A_DEFINING_ENUMERATION_LITERAL P49 at example.ads [20:52..20:54] = 49
Defining_Name_Kind:A_DEFINING_ENUMERATION_LITERAL P50 at example.ads [21:7..21:9] = 50
Defining_Name_Kind:A_DEFINING_ENUMERATION_LITERAL P51 at example.ads [21:12..21:14] = 51
Defining_Name_Kind:A_DEFINING_ENUMERATION_LITERAL P52 at example.ads [21:17..21:19] = 52
Defining_Name_Kind:A_DEFINING_ENUMERATION_LITERAL P53 at example.ads [21:22..21:24] = 53
Defining_Name_Kind:A_DEFINING_ENUMERATION_LITERAL P54 at example.ads [21:27..21:29] = 54
Defining_Name_Kind:A_DEFINING_ENUMERATION_LITERAL P55 at example.ads [21:32..21:34] = 55
Defining_Name_Kind:A_DEFINING_ENUMERATION_LITERAL P56 at example.ads [21:37..21:39] = 56
Defining_Name_Kind:A_DEFINING_ENUMERATION_LITERAL P57 at example.ads [21:42..21:44] = 57
Defining_Name_Kind:A_DEFINING_ENUMERATION_LITERAL P58 at example.ads [21:47..21:49] = 58
Defining_Name_Kind:A_DEFINING_ENUMERATION_LITERAL P59 at example.ads [21:52..21:54] = 59
Defining_Name_Kind:A_DEFINING_ENUMERATION_LITERAL P60 at example.ads [22:7..22:9] = 60
Defining_Name_Kind:A_DEFINING_ENUMERATION_LITERAL P61 at example.ads [22:12..22:14] = 61
Defining_Name_Kind:A_DEFINING_ENUMERATION_LITERAL P62 at example.ads [22:17..22:19] = 62
Defining_Name_Kind:A_DEFINING_ENUMERATION_LITERAL P63 at example.ads [22:22..22:24] = 63
Defining_Name_Kind:A_DEFINING_ENUMERATION_LITERAL P64 at example.ads [22:27..22:29] = 64
Defining_Name_Kind:A_DEFINING_ENUMERATION_LITERAL P65 at example.ads [22:32..22:34] = 65
Defining_Name_Kind:A_DEFINING_ENUMERATION_LITERAL P66 at example.ads [22:37..22:39] = 66
Defining_Name_Kind:A_DEFINING_ENUMERATION_LITERAL P67 at example.ads [22:42..22:44] = 67
Defining_Name_Kind:A_DEFINING_ENUMERATION_LITERAL P68 at example.ads [22:47..22:49] = 68
Defining_Name_Kind:A_DEFINING_ENUMERATION_LITERAL P69 at example.ads [22:52..22:54] = 69
Defining_Name_Kind:A_DEFINING_ENUMERATION_LITERAL P70 at example.ads [23:7..23:9] = 70
Defining_Name_Kind:A_DEFINING_ENUMERATION_LITERAL P71 at example.ads [23:12..23:14] = 71
Defining_Name_Kind:A_DEFINING_ENUMERATION_LITERAL P72 at example.ads [23:17..23:19] = 72
Defining_Name_Kind:A_DEFINING_ENUMERATION_LITERAL P73 at example.ads [23:22..23:24] = 73
Defining_Name_Kind:A_DEFINING_ENUMERATION_LITERAL P74 at example.ads [23:27..23:29] = 74
Defining_Name_Kind:A_DEFINING_ENUMERATION_LITERAL P75 at example.ads [23:32..23:34] = 75
Defining_Name_Kind:A_DEFINING_ENUMERATION_LITERAL P76 at example.ads [23:37..23:39] = 76
Defining_Name_Kind:A_DEFINING_ENUMERATION_LITERAL P77 at example.ads [23:42..23:44] = 77
Defining_Name_Kind:A_DEFINING_ENUMERATION_LITERAL P78 at example.ads [23:47..23:49] = 78
Defining_Name_Kind:A_DEFINING_ENUMERATION_LITERAL P79 at example.ads [23:52..23:54] = 79
Defining_Name_Kind:A_DEFINING_ENUMERATION_LITERAL P80 at example.ads [24:7..24:9] = 80
Defining_Name_Kind:A_DEFINING_ENUMERATION_LITERAL P81 at example.ads [24:12..24:14] = 81
Defining_Name_Kind:A_DEFINING_ENUMERATION_LITERAL P82 at example.ads [24:17..24:19] = 82
Defining_Name_Kind:A_DEFINING_ENUMERATION_LITERAL P83 at example.ads [24:22..24:24] = 83
Defining_Name_Kind:A_DEFINING_ENUMERATION_LITERAL P84 at example.ads [24:27..24:29] = 84
Defining_Name_Kind:A_DEFINING_ENUMERATION_LITERAL P85 at example.ads [24:32..24:34] = 85
Defining_Name_Kind:A_DEFINING_ENUMERATION_LITERAL P86 at example.ads [24:37..24:39] = 86
Defining_Name_Kind:A_DEFINING_ENUMERATION_LITERAL P87 at example.ads [24:42..24:44] = 87
Defining_Name_Kind:A_DEFINING_ENUMERATION_LITERAL P88 at example.ads [24:47..24:49] = 88
Defining_Name_Kind:A_DEFINING_ENUMERATION_LITERAL P89 at example.ads [24:52..24:54] = 89
Defining_Name_Kind:A_DEFINING_ENUMERATION_LITERAL P90 at example.ads [25:7..25:9] = 90
Defining_Name_Kind:A_DEFINING_ENUMERATION_LITERAL P91 at example.ads [25:12..25:14] = 91
Defining_Name_Kind:A_DEFINING_ENUMERATION_LITERAL P92 at example.ads [25:17..25:19] = 92
Defining_Name_Kind:A_DEFINING_ENUMERATION_LITERAL P93 at example.ads [25:22..25:24] = 93
Defining_Name_Kind:A_DEFINING_ENUMERATION_LITERAL P94 at example.ads [25:27..25:29] = 94
Defining_Name_Kind:A_DEFINING_ENUMERATION_LITERAL P95 at example.ads [25:32..25:34] = 95
Defining_Name_Kind:A_DEFINING_ENUMERATION_LITERAL P96 at example.ads [25:37..25:39] = 96
Defining_Name_Kind:A_DEFINING_ENUMERATION_LITERAL P97 at example.ads [25:42..25:44] = 97
Defining_Name_Kind:A_DEFINING_ENUMERATION_LITERAL P98 at example.ads [25:47..25:49] = 98
Defining_Name_Kind:A_DEFINING_ENUMERATION_LITERAL P99 at example.ads [25:52..25:54] = 99
Defining_Name_Kind:A_DEFINING_ENUMERATION_LITERAL P100 at example.ads [26:7..26:10] = 100
Defining_Name_Kind:A_DEFINING_ENUMERATION_LITERAL P101 at example.ads [26:13..26:16] = 101
Defining_Name_Kind:A_DEFINING_ENUMERATION_LITERAL P102 at example.ads [26:19..26:22] = 102
Defining_Name_Kind:A_DEFINING_ENUMERATION_LITERAL P103 at example.ads [26:25..26:28] = 103
Defining_Name_Kind:A_DEFINING_ENUMERATION_LITERAL P104 at example.ads [26:31..26:34] = 104
Defining_Name_Kind:A_DEFINING_ENUMERATION_LITERAL P105 at example.ads [26:37..26:40] = 105
Defining_Name_Kind:A_DEFINING_ENUMERATION_LITERAL P106 at example.ads [26:43..26:46] = 106
Defining_Name_Kind:A_DEFINING_ENUMERATION_LITERAL P107 at example.ads [26:49..26:52] = 107
Defining_Name_Kind:A_DEFINING_ENUMERATION_LITERAL P108 at example.ads [26:55..26:58] = 108
Defining_Name_Kind:A_DEFINING_ENUMERATION_LITERAL P109 at example.ads [26:61..26:64] = 109
Defining_Name_Kind:A_DEFINING_ENUMERATION_LITERAL P110 at example.ads [27:7..27:10] = 110
Defining_Name_Kind:A_DEFINING_ENUMERATION_LITERAL P111 at example.ads [27:13..27:16] = 111
Defining_Name_Kind:A_DEFINING_ENUMERATION_LITERAL P112 at example.ads [27:19..27:22] = 112
Defining_Name_Kind:A_DEFINING_ENUMERATION_LITERAL P113 at example.ads [27:25..27:28] = 113
Defining_Name_Kind:A_DEFINING_ENUMERATION_LITERAL P114 at example.ads [27:31..27:34] = 114
Defining_Name_Kind:A_DEFINING_ENUMERATION_LITERAL P115 at example.ads [27:37..27:40] = 115
Defining_Name_Kind:A_DEFINING_ENUMERATION_LITERAL P116 at example.ads [27:43..27:46] = 116
Defining_Name_Kind:A_DEFINING_ENUMERATION_LITERAL P117 at example.ads [27:49..27:52] = 117
Defining_Name_Kind:A_DEFINING_ENUMERATION_LITERAL P118 at example.ads [27:55..27:58] = 118
Defining_Name_Kind:A_DEFINING_ENUMERATION_LITERAL P119 at example.ads [27:61..27:64] = 119
Defining_Name_Kind:A_DEFINING_ENUMERATION_LITERAL P120 at example.ads [28:7..28:10] = 120
Defining_Name_Kind:A_DEFINING_ENUMERATION_LITERAL P121 at example.ads [28:13..28:16] = 121
Defining_Name_Kind:A_DEFINING_ENUMERATION_LITERAL P122 at example.ads [28:19..28:22] = 122
Defining_Name_Kind:A_DEFINING_ENUMERATION_LITERAL P123 at example.ads [28:25..28:28] = 123
Defining_Name_Kind:A_DEFINING_ENUMERATION_LITERAL P124 at example.ads [28:31..28:34] = 124
Defining_Name_Kind:A_DEFINING_ENUMERATION_LITERAL P125 at example.ads [28:37..28:40] = 125
Defining_Name_Kind:A_DEFINING_ENUMERATION_LITERAL P126 at example.ads [28:43..28:46] = 126
Defining_Name_Kind:A_DEFINING_ENUMERATION_LITERAL P127 at example.ads [28:49..28:52] = 127
Defining_Name_Kind:A_DEFINING_ENUMERATION_LITERAL P128 at example.ads [28:55..28:58] = 128
Defining_Name_Kind:A_DEFINING_ENUMERATION_LITERAL P129 at example.ads [28:61..28:64] = 129
Defining_Name_Kind:A_DEFINING_ENUMERATION_LITERAL P130 at example.ads [29:7..29:10] = 130
Defining_Name_Kind:A_DEFINING_ENUMERATION_LITERAL P131 at example.ads [29:13..29:16] = 131
Defining_Name_Kind:A_DEFINING_ENUMERATION_LITERAL P132 at example.ads [29:19..29:22] = 132
Defining_Name_Kind:A_DEFINING_ENUMERATION_LITERAL P133 at example.ads [29:25..29:28] = 133
Defining_Name_Kind:A_DEFINING_ENUMERATION_LITERAL P134 at example.ads [29:31..29:34] = 134
Defining_Name_Kind:A_DEFINING_ENUMERATION_LITERAL P139 at example.ads [30:7..30:10] = 139
Defining_Name_Kind:A_DEFINING_ENUMERATION_LITERAL P140 at example.ads [31:7..31:10] = 140
Defining_Name_Kind:A_DEFINING_ENUMERATION_LITERAL P141 at example.ads [31:13..31:16] = 141
Defining_Name_Kind:A_DEFINING_ENUMERATION_LITERAL P142 at example.ads [31:19..31:22] = 142
Defining_Name_Kind:A_DEFINING_ENUMERATION_LITERAL P147 at example.ads [32:7..32:10] = 147
Defining_Name_Kind:A_DEFINING_ENUMERATION_LITERAL P148 at example.ads [32:13..32:16] = 148
Defining_Name_Kind:A_DEFINING_ENUMERATION_LITERAL P149 at example.ads [32:19..32:22] = 149
Defining_Name_Kind:A_DEFINING_ENUMERATION_LITERAL P150 at example.ads [33:7..33:10] = 150
Defining_Name_Kind:A_DEFINING_ENUMERATION_LITERAL P151 at example.ads [33:13..33:16] = 151
Defining_Name_Kind:A_DEFINING_ENUMERATION_LITERAL P152 at example.ads [33:19..33:22] = 152
Defining_Name_Kind:A_DEFINING_ENUMERATION_LITERAL P153 at example.ads [33:25..33:28] = 153
Defining_Name_Kind:A_DEFINING_ENUMERATION_LITERAL P154 at example.ads [33:31..33:34] = 154
Defining_Name_Kind:A_DEFINING_ENUMERATION_LITERAL P155 at example.ads [33:37..33:40] = 155
Defining_Name_Kind:A_DEFINING_ENUMERATION_LITERAL P156 at example.ads [33:43..33:46] = 156
Defining_Name_Kind:A_DEFINING_ENUMERATION_LITERAL P157 at example.ads [33:49..33:52] = 157
Defining_Name_Kind:A_DEFINING_ENUMERATION_LITERAL P158 at example.ads [33:55..33:58] = 158
Defining_Name_Kind:A_DEFINING_ENUMERATION_LITERAL P159 at example.ads [33:61..33:64] = 159
Defining_Name_Kind:A_DEFINING_ENUMERATION_LITERAL P160 at example.ads [34:7..34:10] = 160
Defining_Name_Kind:A_DEFINING_ENUMERATION_LITERAL P161 at example.ads [34:13..34:16] = 161
Defining_Name_Kind:A_DEFINING_ENUMERATION_LITERAL P162 at example.ads [34:19..34:22] = 162
Defining_Name_Kind:A_DEFINING_ENUMERATION_LITERAL P163 at example.ads [34:25..34:28] = 163
Defining_Name_Kind:A_DEFINING_ENUMERATION_LITERAL P164 at example.ads [34:31..34:34] = 164
Defining_Name_Kind:A_DEFINING_ENUMERATION_LITERAL P165 at example.ads [34:37..34:40] = 165
Defining_Name_Kind:A_DEFINING_ENUMERATION_LITERAL P166 at example.ads [34:43..34:46] = 166
Defining_Name_Kind:A_DEFINING_ENUMERATION_LITERAL P167 at example.ads [34:49..34:52] = 167
Defining_Name_Kind:A_DEFINING_ENUMERATION_LITERAL A000 at example.ads [239:7..239:10] = 0
Defining_Name_Kind:A_DEFINING_ENUMERATION_LITERAL A001 at example.ads [239:13..239:16] = 1
Defining_Name_Kind:A_DEFINING_ENUMERATION_LITERAL A002 at example.ads [239:19..239:22] = 2
Defining_Name_Kind:A_DEFINING_ENUMERATION_LITERAL A003 at example.ads [239:25..239:28] = 3
Defining_Name_Kind:A_DEFINING_ENUMERATION_LITERAL A004 at example.ads [239:31..239:34] = 4
Defining_Name_Kind:A_DEFINING_ENUMERATION_LITERAL A005 at example.ads [239:37..239:40] = 5
Defining_Name_Kind:A_DEFINING_ENUMERATION_LITERAL A006 at example.ads [239:43..239:46] = 6
Defining_Name_Kind:A_DEFINING_ENUMERATION_LITERAL A007 at example.ads [239:49..239:52] = 7
Defining_Name_Kind:A_DEFINING_ENUMERATION_LITERAL A008 at example.ads [239:55..239:58] = 8
Defining_Name_Kind:A_DEFINING_ENUMERATION_LITERAL C000 at example.ads [268:23..268:26] = 0
Defining_Name_Kind:A_DEFINING_ENUMERATION_LITERAL C001 at example.ads [268:29..268:32] = 1
Defining_Name_Kind:A_DEFINING_ENUMERATION_LITERAL C002 at example.ads [268:35..268:38] = 2
Defining_Name_Kind:A_DEFINING_ENUMERATION_LITERAL C003 at example.ads [268:41..268:44] = 3
Defining_Name_Kind:A_DEFINING_ENUMERATION_LITERAL C004 at example.ads [268:47..268:50] = 4
Defining_Name_Kind:A_DEFINING_ENUMERATION_LITERAL C005 at example.ads [268:53..268:56] = 5
Defining_Name_Kind:A_DEFINING_ENUMERATION_LITERAL C006 at example.ads [268:59..268:62] = 6
Defining_Name_Kind:A_DEFINING_ENUMERATION_LITERAL D000 at example.ads [285:7..285:10] = 0
Defining_Name_Kind:A_DEFINING_ENUMERATION_LITERAL D001 at example.ads [285:13..285:16] = 1
Defining_Name_Kind:A_DEFINING_ENUMERATION_LITERAL D002 at example.ads [285:19..285:22] = 2
Defining_Name_Kind:A_DEFINING_ENUMERATION_LITERAL D003 at example.ads [285:25..285:28] = 3
Defining_Name_Kind:A_DEFINING_ENUMERATION_LITERAL D004 at example.ads [285:31..285:34] = 4
Defining_Name_Kind:A_DEFINING_ENUMERATION_LITERAL D005 at example.ads [285:37..285:40] = 5
Defining_Name_Kind:A_DEFINING_ENUMERATION_LITERAL D006 at example.ads [285:43..285:46] = 6
Defining_Name_Kind:A_DEFINING_ENUMERATION_LITERAL D007 at example.ads [285:49..285:52] = 7
Defining_Name_Kind:A_DEFINING_ENUMERATION_LITERAL D008 at example.ads [285:55..285:58] = 8
Defining_Name_Kind:A_DEFINING_ENUMERATION_LITERAL D009 at example.ads [285:61..285:64] = 9
Defining_Name_Kind:A_DEFINING_ENUMERATION_LITERAL D010 at example.ads [286:7..286:10] = 10
Defining_Name_Kind:A_DEFINING_ENUMERATION_LITERAL D011 at example.ads [286:13..286:16] = 11
Defining_Name_Kind:A_DEFINING_ENUMERATION_LITERAL D012 at example.ads [286:19..286:22] = 12
Defining_Name_Kind:A_DEFINING_ENUMERATION_LITERAL D013 at example.ads [286:25..286:28] = 13
Defining_Name_Kind:A_DEFINING_ENUMERATION_LITERAL D014 at example.ads [286:31..286:34] = 14
Defining_Name_Kind:A_DEFINING_ENUMERATION_LITERAL D015 at example.ads [286:37..286:40] = 15
Defining_Name_Kind:A_DEFINING_ENUMERATION_LITERAL D016 at example.ads [286:43..286:46] = 16
Defining_Name_Kind:A_DEFINING_ENUMERATION_LITERAL D017 at example.ads [286:49..286:52] = 17
Defining_Name_Kind:A_DEFINING_ENUMERATION_LITERAL D018 at example.ads [286:55..286:58] = 18
Defining_Name_Kind:A_DEFINING_ENUMERATION_LITERAL D019 at example.ads [286:61..286:64] = 19
Defining_Name_Kind:A_DEFINING_ENUMERATION_LITERAL D020 at example.ads [287:7..287:10] = 20
Defining_Name_Kind:A_DEFINING_ENUMERATION_LITERAL D021 at example.ads [287:13..287:16] = 21
Defining_Name_Kind:A_DEFINING_ENUMERATION_LITERAL D022 at example.ads [287:19..287:22] = 22
Defining_Name_Kind:A_DEFINING_ENUMERATION_LITERAL D023 at example.ads [287:25..287:28] = 23
Defining_Name_Kind:A_DEFINING_ENUMERATION_LITERAL D024 at example.ads [287:31..287:34] = 24
