Clause_Kind:A_WITH_CLAUSE  at example.adb [1:1..1:17]
  Expression_Kind:A_SELECTED_COMPONENT  at example.adb [1:6..1:16]
    Expression_Kind:AN_IDENTIFIER Ada at example.adb [1:6..1:8]
    Expression_Kind:AN_IDENTIFIER Text_IO at example.adb [1:10..1:16]
Declaration_Kind:A_PROCEDURE_BODY_DECLARATION Example at example.adb [3:1..6:12]
  Defining_Name_Kind:A_DEFINING_IDENTIFIER Example at example.adb [3:11..3:17]
  Statement_Kind:A_PROCEDURE_CALL_STATEMENT  at example.adb [5:4..5:41]
    Expression_Kind:A_SELECTED_COMPONENT  at example.adb [5:4..5:23]
      Expression_Kind:A_SELECTED_COMPONENT  at example.adb [5:4..5:14]
        Expression_Kind:AN_IDENTIFIER Ada at example.adb [5:4..5:6]
        Expression_Kind:AN_IDENTIFIER Text_IO at example.adb [5:8..5:14]
      Expression_Kind:AN_IDENTIFIER Put_Line at example.adb [5:16..5:23]
    Association_Kind:A_PARAMETER_ASSOCIATION  at example.adb [5:26..5:39]
      Expression_Kind:A_STRING_LITERAL "Hello world!" at example.adb [5:26..5:39]
