Declaration_Kind:A_PROTECTED_BODY_DECLARATION Protected_Body_Stub at procedure_body-protected_body_stub.adb [2:1..16:4]
  Defining_Name_Kind:A_DEFINING_IDENTIFIER Protected_Body_Stub at procedure_body-protected_body_stub.adb [2:16..2:34]
  Declaration_Kind:A_PROCEDURE_BODY_DECLARATION X at procedure_body-protected_body_stub.adb [3:4..6:9]
    Defining_Name_Kind:A_DEFINING_IDENTIFIER X at procedure_body-protected_body_stub.adb [3:14..3:14]
    Statement_Kind:A_NULL_STATEMENT  at procedure_body-protected_body_stub.adb [5:7..5:11]
  Declaration_Kind:AN_ENTRY_BODY_DECLARATION Run at procedure_body-protected_body_stub.adb [8:4..15:11]
    Defining_Name_Kind:A_DEFINING_IDENTIFIER Run at procedure_body-protected_body_stub.adb [8:10..8:12]
    Expression_Kind:AN_ENUMERATION_LITERAL True at procedure_body-protected_body_stub.adb [8:19..8:22]
    Statement_Kind:AN_IF_STATEMENT  at procedure_body-protected_body_stub.adb [10:7..14:13]
      Path_Kind:AN_IF_PATH  at procedure_body-protected_body_stub.adb [10:7..11:21]
        Expression_Kind:A_FUNCTION_CALL  at procedure_body-protected_body_stub.adb [10:10..10:16]
          Expression_Kind:AN_OPERATOR_SYMBOL ">" at procedure_body-protected_body_stub.adb [10:14..10:14]
          Association_Kind:A_PARAMETER_ASSOCIATION  at procedure_body-protected_body_stub.adb [10:10..10:12]
            Expression_Kind:AN_IDENTIFIER Int at procedure_body-protected_body_stub.adb [10:10..10:12]
          Association_Kind:A_PARAMETER_ASSOCIATION  at procedure_body-protected_body_stub.adb [10:16..10:16]
            Expression_Kind:AN_INTEGER_LITERAL 0 at procedure_body-protected_body_stub.adb [10:16..10:16]
        Statement_Kind:A_REQUEUE_STATEMENT  at procedure_body-protected_body_stub.adb [11:10..11:21]
          Expression_Kind:AN_IDENTIFIER Run at procedure_body-protected_body_stub.adb [11:18..11:20]
      Path_Kind:AN_ELSE_PATH  at procedure_body-protected_body_stub.adb [12:7..13:32]
        Statement_Kind:A_REQUEUE_STATEMENT_WITH_ABORT  at procedure_body-protected_body_stub.adb [13:10..13:32]
          Expression_Kind:AN_IDENTIFIER Run at procedure_body-protected_body_stub.adb [13:18..13:20]
