Clause_Kind:A_WITH_CLAUSE  at inheritance.ads [1:1..1:31]
  Expression_Kind:A_SELECTED_COMPONENT  at inheritance.ads [1:6..1:30]
    Expression_Kind:AN_IDENTIFIER Package_Declaration at inheritance.ads [1:6..1:24]
    Expression_Kind:AN_IDENTIFIER Child at inheritance.ads [1:26..1:30]
Declaration_Kind:A_PACKAGE_DECLARATION Inheritance at inheritance.ads [3:1..23:16]
  Defining_Name_Kind:A_DEFINING_IDENTIFIER Inheritance at inheritance.ads [3:9..3:19]
  Declaration_Kind:AN_ORDINARY_TYPE_DECLARATION Derived_Type at inheritance.ads [5:4..7:22]
    Defining_Name_Kind:A_DEFINING_IDENTIFIER Derived_Type at inheritance.ads [5:9..5:20]
    Type_Kind:A_DERIVED_RECORD_EXTENSION_DEFINITION  at inheritance.ads [6:6..7:21]
      Definition_Kind:A_SUBTYPE_INDICATION  at inheritance.ads [6:10..6:62]
        Expression_Kind:A_SELECTED_COMPONENT  at inheritance.ads [6:10..6:62]
          Expression_Kind:A_SELECTED_COMPONENT  at inheritance.ads [6:10..6:34]
            Expression_Kind:AN_IDENTIFIER Package_Declaration at inheritance.ads [6:10..6:28]
            Expression_Kind:AN_IDENTIFIER Child at inheritance.ads [6:30..6:34]
          Expression_Kind:AN_IDENTIFIER Incomplete_Type_Declaration at inheritance.ads [6:36..6:62]
      Definition_Kind:A_NULL_RECORD_DEFINITION  at inheritance.ads [7:11..7:21]
  Declaration_Kind:A_FUNCTION_RENAMING_DECLARATION Plus at inheritance.ads [9:4..12:17]
    Defining_Name_Kind:A_DEFINING_IDENTIFIER Plus at inheritance.ads [9:13..9:16]
    Declaration_Kind:A_PARAMETER_SPECIFICATION Left at inheritance.ads [10:7..10:26]
      Defining_Name_Kind:A_DEFINING_IDENTIFIER Left at inheritance.ads [10:7..10:10]
      Definition_Kind:A_SUBTYPE_INDICATION  at inheritance.ads [10:15..10:26]
        Expression_Kind:AN_IDENTIFIER Derived_Type at inheritance.ads [10:15..10:26]
    Declaration_Kind:A_PARAMETER_SPECIFICATION Right at inheritance.ads [11:7..11:21]
      Defining_Name_Kind:A_DEFINING_IDENTIFIER Right at inheritance.ads [11:7..11:11]
      Definition_Kind:A_SUBTYPE_INDICATION  at inheritance.ads [11:15..11:21]
        Expression_Kind:AN_IDENTIFIER Integer at inheritance.ads [11:15..11:21]
    Definition_Kind:A_SUBTYPE_INDICATION  at inheritance.ads [11:31..11:37]
      Expression_Kind:AN_IDENTIFIER Integer at inheritance.ads [11:31..11:37]
    Expression_Kind:AN_OPERATOR_SYMBOL "+" at inheritance.ads [12:14..12:16]
  Declaration_Kind:A_PROCEDURE_DECLARATION Subprogram at inheritance.ads [14:4..14:24]
    Defining_Name_Kind:A_DEFINING_IDENTIFIER Subprogram at inheritance.ads [14:14..14:23]
  Declaration_Kind:AN_ORDINARY_TYPE_DECLARATION Base_Boolean at inheritance.ads [16:4..16:36]
    Defining_Name_Kind:A_DEFINING_IDENTIFIER Base_Boolean at inheritance.ads [16:9..16:20]
    Type_Kind:A_DERIVED_TYPE_DEFINITION  at inheritance.ads [16:25..16:35]
      Definition_Kind:A_SUBTYPE_INDICATION  at inheritance.ads [16:29..16:35]
        Expression_Kind:AN_IDENTIFIER Boolean at inheritance.ads [16:29..16:35]
  Declaration_Kind:A_PROCEDURE_DECLARATION Primitive_Operation at inheritance.ads [18:4..18:60]
    Defining_Name_Kind:A_DEFINING_IDENTIFIER Primitive_Operation at inheritance.ads [18:14..18:32]
    Declaration_Kind:A_PARAMETER_SPECIFICATION Object at inheritance.ads [18:35..18:58]
      Defining_Name_Kind:A_DEFINING_IDENTIFIER Object at inheritance.ads [18:35..18:40]
      Definition_Kind:A_SUBTYPE_INDICATION  at inheritance.ads [18:47..18:58]
        Expression_Kind:AN_IDENTIFIER Base_Boolean at inheritance.ads [18:47..18:58]
  Declaration_Kind:A_FUNCTION_RENAMING_DECLARATION My_True at inheritance.ads [20:4..21:18]
    Defining_Name_Kind:A_DEFINING_IDENTIFIER My_True at inheritance.ads [20:13..20:19]
    Definition_Kind:A_SUBTYPE_INDICATION  at inheritance.ads [20:28..20:39]
      Expression_Kind:AN_IDENTIFIER Base_Boolean at inheritance.ads [20:28..20:39]
    Expression_Kind:AN_ENUMERATION_LITERAL True at inheritance.ads [21:14..21:17]
Declaration_Kind:A_PACKAGE_BODY_DECLARATION Inheritance at inheritance.adb [1:1..33:16]
  Defining_Name_Kind:A_DEFINING_IDENTIFIER Inheritance at inheritance.adb [1:14..1:24]
  Declaration_Kind:A_PROCEDURE_BODY_DECLARATION Primitive_Operation at inheritance.adb [7:4..10:27]
    Defining_Name_Kind:A_DEFINING_IDENTIFIER Primitive_Operation at inheritance.adb [7:14..7:32]
    Declaration_Kind:A_PARAMETER_SPECIFICATION Object at inheritance.adb [7:35..7:58]
      Defining_Name_Kind:A_DEFINING_IDENTIFIER Object at inheritance.adb [7:35..7:40]
      Definition_Kind:A_SUBTYPE_INDICATION  at inheritance.adb [7:47..7:58]
        Expression_Kind:AN_IDENTIFIER Base_Boolean at inheritance.adb [7:47..7:58]
    Statement_Kind:A_NULL_STATEMENT  at inheritance.adb [9:7..9:11]
  Declaration_Kind:A_PROCEDURE_BODY_DECLARATION Subprogram at inheritance.adb [16:4..31:18]
    Defining_Name_Kind:A_DEFINING_IDENTIFIER Subprogram at inheritance.adb [16:14..16:23]
    Declaration_Kind:AN_ORDINARY_TYPE_DECLARATION Derived_Boolean at inheritance.adb [17:7..17:47]
      Defining_Name_Kind:A_DEFINING_IDENTIFIER Derived_Boolean at inheritance.adb [17:12..17:26]
      Type_Kind:A_DERIVED_TYPE_DEFINITION  at inheritance.adb [17:31..17:46]
        Definition_Kind:A_SUBTYPE_INDICATION  at inheritance.adb [17:35..17:46]
          Expression_Kind:AN_IDENTIFIER Base_Boolean at inheritance.adb [17:35..17:46]
    Declaration_Kind:A_PROCEDURE_BODY_DECLARATION Primitive_Operation at inheritance.adb [19:7..22:30]
      Defining_Name_Kind:A_DEFINING_IDENTIFIER Primitive_Operation at inheritance.adb [19:17..19:35]
      Declaration_Kind:A_PARAMETER_SPECIFICATION Object at inheritance.adb [19:38..19:64]
        Defining_Name_Kind:A_DEFINING_IDENTIFIER Object at inheritance.adb [19:38..19:43]
        Definition_Kind:A_SUBTYPE_INDICATION  at inheritance.adb [19:50..19:64]
          Expression_Kind:AN_IDENTIFIER Derived_Boolean at inheritance.adb [19:50..19:64]
      Statement_Kind:A_NULL_STATEMENT  at inheritance.adb [21:10..21:14]
    Declaration_Kind:AN_ORDINARY_TYPE_DECLARATION Derived_Boolean_2 at inheritance.adb [24:7..24:52]
      Defining_Name_Kind:A_DEFINING_IDENTIFIER Derived_Boolean_2 at inheritance.adb [24:12..24:28]
      Type_Kind:A_DERIVED_TYPE_DEFINITION  at inheritance.adb [24:33..24:51]
        Definition_Kind:A_SUBTYPE_INDICATION  at inheritance.adb [24:37..24:51]
          Expression_Kind:AN_IDENTIFIER Derived_Boolean at inheritance.adb [24:37..24:51]
    Declaration_Kind:A_VARIABLE_DECLARATION X at inheritance.adb [26:7..26:23]
      Defining_Name_Kind:A_DEFINING_IDENTIFIER X at inheritance.adb [26:7..26:7]
      Definition_Kind:A_SUBTYPE_INDICATION  at inheritance.adb [26:11..26:22]
        Expression_Kind:AN_IDENTIFIER Derived_Type at inheritance.adb [26:11..26:22]
    Declaration_Kind:A_VARIABLE_DECLARATION Y at inheritance.adb [27:7..27:28]
      Defining_Name_Kind:A_DEFINING_IDENTIFIER Y at inheritance.adb [27:7..27:7]
      Definition_Kind:A_SUBTYPE_INDICATION  at inheritance.adb [27:11..27:27]
        Expression_Kind:AN_IDENTIFIER Derived_Boolean_2 at inheritance.adb [27:11..27:27]
    Statement_Kind:A_PROCEDURE_CALL_STATEMENT  at inheritance.adb [29:7..29:32]
      Expression_Kind:AN_IDENTIFIER Primitive_Operation_1 at inheritance.adb [29:7..29:27]
      Association_Kind:A_PARAMETER_ASSOCIATION  at inheritance.adb [29:30..29:30]
        Expression_Kind:AN_IDENTIFIER X at inheritance.adb [29:30..29:30]
    Statement_Kind:A_PROCEDURE_CALL_STATEMENT  at inheritance.adb [30:7..30:30]
      Expression_Kind:AN_IDENTIFIER Primitive_Operation at inheritance.adb [30:7..30:25]
      Association_Kind:A_PARAMETER_ASSOCIATION  at inheritance.adb [30:28..30:28]
        Expression_Kind:AN_IDENTIFIER Y at inheritance.adb [30:28..30:28]
